// Jest Snapshot v1, https://goo.gl/fbAQLP

exports[`SubmitComment should render correctly 1`] = `
<StyledToolbar>
  <StyledForm
    onSubmit={[Function]}
  >
    <StyledTextField
      InputProps={
        Object {
          "endAdornment": <ForwardRef>
            <ForwardRef
              onClick={[Function]}
            >
              <ForwardRef />
            </ForwardRef>
          </ForwardRef>,
          "startAdornment": <ForwardRef
            disablePointerEvents={true}
          >
            <ForwardRef />
          </ForwardRef>,
          "style": Object {
            "padding": 0,
          },
        }
      }
      onChange={[Function]}
      placeholder="Add a task"
      value=""
    />
  </StyledForm>
</StyledToolbar>
`;
