// Jest Snapshot v1, https://goo.gl/fbAQLP

exports[`PickerHeader should render correctl 1`] = `
<Header>
  <WithStyles(IconButton)
    aria-label="Close"
    onClick={[MockFunction]}
  >
    <HeaderClose>
      ✕
    </HeaderClose>
  </WithStyles(IconButton)>
  <img
    alt=""
    src="test-file-stub"
    style={
      Object {
        "marginLeft": 5,
      }
    }
  />
  <HeaderTitle>
    Title
  </HeaderTitle>
  <WithStyles(IconButton)
    aria-label="Search"
    onClick={[MockFunction]}
    style={
      Object {
        "marginLeft": "auto",
      }
    }
  >
    <img
      alt=""
      src="test-file-stub"
    />
  </WithStyles(IconButton)>
</Header>
`;
