// Jest Snapshot v1, https://goo.gl/fbAQLP

exports[`Comments should render correctly 1`] = `
<Fragment>
  <SubmitComment
    disabled={false}
    submit={[MockFunction]}
  />
  <CommentStream>
    <Day
      date={"2012-06-19T22:00:00.000Z"}
      key="2012-06-20T00:00:00+02:00"
    >
      <Creator
        initials="JS"
        isOwn={false}
        key="142"
        userId={142}
        userName="John Smith"
      >
        <Comment
          isOwn={false}
          key="0"
        >
          Lipsum
        </Comment>
      </Creator>
    </Day>
  </CommentStream>
</Fragment>
`;
