// Jest Snapshot v1, https://goo.gl/fbAQLP

exports[`Creator should render correctly 1`] = `
<CreatorContainer
  isOwn={false}
>
  <CreatorInitials>
    JS
  </CreatorInitials>
  <CreatorInnerContainer>
    <CreatorLabel>
      John Smith
    </CreatorLabel>
    This is some content.
  </CreatorInnerContainer>
</CreatorContainer>
`;
